TestDirectory/
├── empty/
├── foo/
│   ├── another_one/
│   │   ├── another_one/
│   │   │   ├── another_one/
│   │   │   │   ├── another_one/
│   │   │   │   │   ├── another_one/
│   │   │   │   │   │   ├── DJ_KHALED_WISE_WORDS.txt
│   ├── bar.txt
│   ├── baz.txt
├── some/
│   ├── a.txt
│   ├── b.txt
│   ├── c.txt
│   ├── d/
│   │   ├── E.txt
